// Jest Snapshot v1, https://goo.gl/fbAQLP

exports[`Home renders correctly 1`] = `
<div>
  <h3
    className="welcome"
  >
    Welcome to our page!
  </h3>
  <p
    className="para"
  >
    Mathematics is widely used in science for modeling phenomena. This enables the extraction of quantitative predictions from experimental laws. For example, the movement of planets can be accurately predicted using Newton's law of gravitation combined with mathematical computation.
    <br />
    <br />
    Mathematics is widely used in science for modeling phenomena. This enables the extraction of quantitative predictions from experimental laws. For example, the movement of planets can be accurately predicted using Newton's law of gravitation combined with mathematical computation
  </p>
</div>
`;
